Γùç injected env (4) from .env // tip: Γùê encrypted .env [www.dotenvx.com]
Imported AI Service
node : Gemini error: 
[GoogleGenerativeAI 
Error]: Error fetching 
from https://generativela
nguage.googleapis.com/v1b
eta/models/gemini-1.5-pro
:generateContent: [404 
Not Found] 
models/gemini-1.5-pro is 
not found for API 
version v1beta, or is 
not supported for 
generateContent. Call 
ListModels to see the 
list of available models 
and their supported 
methods.
At line:1 char:1
+ node -e "import('./ai.s
ervice.js').then(m => { 
console.log('Imported  
...
+ ~~~~~~~~~~~~~~~~~~~~~~~
~~~~~~~~~~~~~~~~~~~~~~~~~
~~~~~~~~~~~~~~~~~~~~~
    + CategoryInfo       
       : NotSpecified:   
  (Gemini error: [...p   
 orted methods.:Strin    
g) [], RemoteExcepti    
on
    + FullyQualifiedErro 
   rId : NativeCommandE  
  rror
 
Cohere error: 
UnauthorizedError
Status code: 401
Body: {
  "id": "03cc25cd-8f37-47
55-95ae-071ff37ae3b3",
  "message": "Incorrect 
API key provided: *******
*************here. You 
can find your API key at 
https://dashboard.cohere.
com/api-keys."
}
Mistral error: API error 
occurred: Status 401 
Content-Type 
"application/json; 
charset=utf-8". Body: 
{"detail":"Unauthorized"}
